// Jest Snapshot v1, https://goo.gl/fbAQLP

exports[`stops 1`] = `
Array [
  Array [
    1,
    0,
  ],
  Array [
    0.9997806834748455,
    0.020942419883356957,
  ],
  Array [
    0.9991228300988584,
    0.04187565372919962,
  ],
  Array [
    0.9980267284282716,
    0.06279051952931336,
  ],
  Array [
    0.9964928592495044,
    0.08367784333231548,
  ],
  Array [
    0.9945218953682733,
    0.10452846326765346,
  ],
  Array [
    0.9921147013144779,
    0.12533323356430423,
  ],
  Array [
    0.9892723329629883,
    0.1460830285624116,
  ],
  Array [
    0.985996037070505,
    0.16676874671610226,
  ],
  Array [
    0.9822872507286887,
    0.1873813145857246,
  ],
  Array [
    0.9781476007338057,
    0.20791169081775931,
  ],
  Array [
    0.9735789028731603,
    0.22835087011065572,
  ],
  Array [
    0.9685831611286311,
    0.24868988716485474,
  ],
  Array [
    0.9631625667976582,
    0.26891982061526565,
  ],
  Array [
    0.9573194975320672,
    0.2890317969444715,
  ],
  Array [
    0.9510565162951536,
    0.3090169943749473,
  ],
  Array [
    0.9443763702374811,
    0.3288666467385831,
  ],
  Array [
    0.9372819894918916,
    0.34857204732181507,
  ],
  Array [
    0.9297764858882515,
    0.36812455268467775,
  ],
  Array [
    0.9218631515885006,
    0.38751558645210277,
  ],
  Array [
    0.913545457642601,
    0.4067366430758,
  ],
  Array [
    0.9048270524660197,
    0.4257792915650724,
  ],
  Array [
    0.895711760239413,
    0.44463517918492723,
  ],
  Array [
    0.8862035792312148,
    0.46329603511986145,
  ],
  Array [
    0.8763066800438637,
    0.481753674101715,
  ],
  Array [
    0.8660254037844388,
    0.4999999999999998,
  ],
  Array [
    0.8553642601605067,
    0.51802700937313,
  ],
  Array [
    0.8443279255020152,
    0.5358267949789964,
  ],
  Array [
    0.8329212407100995,
    0.5533915492433439,
  ],
  Array [
    0.8211492091337041,
    0.5707135676844316,
  ],
  Array [
    0.8090169943749475,
    0.587785252292473,
  ],
  Array [
    0.7965299180241964,
    0.6045991148623748,
  ],
  Array [
    0.7836934573258398,
    0.6211477802783103,
  ],
  Array [
    0.7705132427757893,
    0.6374239897486896,
  ],
  Array [
    0.7569950556517564,
    0.6534206039901054,
  ],
  Array [
    0.7431448254773942,
    0.6691306063588582,
  ],
  Array [
    0.7289686274214116,
    0.6845471059286887,
  ],
  Array [
    0.7144726796328034,
    0.6996633405133654,
  ],
  Array [
    0.6996633405133653,
    0.7144726796328035,
  ],
  Array [
    0.6845471059286886,
    0.7289686274214116,
  ],
  Array [
    0.6691306063588581,
    0.7431448254773944,
  ],
  Array [
    0.6534206039901053,
    0.7569950556517565,
  ],
  Array [
    0.6374239897486895,
    0.7705132427757894,
  ],
  Array [
    0.6211477802783102,
    0.78369345732584,
  ],
  Array [
    0.6045991148623746,
    0.7965299180241965,
  ],
  Array [
    0.5877852522924729,
    0.8090169943749476,
  ],
  Array [
    0.5707135676844314,
    0.8211492091337043,
  ],
  Array [
    0.5533915492433438,
    0.8329212407100997,
  ],
  Array [
    0.5358267949789964,
    0.8443279255020152,
  ],
  Array [
    0.51802700937313,
    0.8553642601605068,
  ],
  Array [
    0.4999999999999997,
    0.8660254037844388,
  ],
  Array [
    0.481753674101715,
    0.8763066800438638,
  ],
  Array [
    0.4632960351198614,
    0.8862035792312148,
  ],
  Array [
    0.4446351791849271,
    0.895711760239413,
  ],
  Array [
    0.42577929156507227,
    0.9048270524660197,
  ],
  Array [
    0.40673664307579976,
    0.9135454576426011,
  ],
  Array [
    0.3875155864521025,
    0.9218631515885007,
  ],
  Array [
    0.3681245526846775,
    0.9297764858882516,
  ],
  Array [
    0.3485720473218147,
    0.9372819894918917,
  ],
  Array [
    0.3288666467385827,
    0.9443763702374812,
  ],
  Array [
    0.30901699437494684,
    0.9510565162951538,
  ],
  Array [
    0.28903179694447095,
    0.9573194975320675,
  ],
  Array [
    0.26891982061526504,
    0.9631625667976583,
  ],
  Array [
    0.2486898871648541,
    0.9685831611286313,
  ],
  Array [
    0.22835087011065502,
    0.9735789028731604,
  ],
  Array [
    0.2079116908177586,
    0.9781476007338058,
  ],
  Array [
    0.18738131458572385,
    0.9822872507286888,
  ],
  Array [
    0.16676874671610145,
    0.9859960370705051,
  ],
  Array [
    0.1460830285624108,
    0.9892723329629884,
  ],
  Array [
    0.12533323356430337,
    0.992114701314478,
  ],
  Array [
    0.10452846326765257,
    0.9945218953682734,
  ],
  Array [
    0.08367784333231457,
    0.9964928592495044,
  ],
  Array [
    0.06279051952931242,
    0.9980267284282717,
  ],
  Array [
    0.04187565372919864,
    0.9991228300988584,
  ],
  Array [
    0.02094241988335594,
    0.9997806834748455,
  ],
  Array [
    -1.048990684667789e-15,
    1,
  ],
  Array [
    -0.020942419883358036,
    0.9997806834748455,
  ],
  Array [
    -0.04187565372920073,
    0.9991228300988583,
  ],
  Array [
    -0.06279051952931451,
    0.9980267284282714,
  ],
  Array [
    -0.08367784333231665,
    0.9964928592495043,
  ],
  Array [
    -0.10452846326765466,
    0.9945218953682732,
  ],
  Array [
    -0.12533323356430545,
    0.9921147013144777,
  ],
  Array [
    -0.14608302856241284,
    0.9892723329629881,
  ],
  Array [
    -0.16676874671610353,
    0.9859960370705048,
  ],
  Array [
    -0.1873813145857259,
    0.9822872507286884,
  ],
  Array [
    -0.20791169081776065,
    0.9781476007338054,
  ],
  Array [
    -0.22835087011065708,
    0.97357890287316,
  ],
  Array [
    -0.24868988716485613,
    0.9685831611286307,
  ],
  Array [
    -0.2689198206152671,
    0.9631625667976578,
  ],
  Array [
    -0.289031796944473,
    0.9573194975320668,
  ],
  Array [
    -0.30901699437494884,
    0.9510565162951531,
  ],
  Array [
    -0.3288666467385847,
    0.9443763702374806,
  ],
  Array [
    -0.3485720473218167,
    0.937281989491891,
  ],
  Array [
    -0.3681245526846794,
    0.9297764858882508,
  ],
  Array [
    -0.38751558645210443,
    0.9218631515884999,
  ],
  Array [
    -0.4067366430758017,
    0.9135454576426002,
  ],
  Array [
    -0.42577929156507394,
    0.9048270524660189,
  ],
  Array [
    -0.4446351791849288,
    0.8957117602394122,
  ],
  Array [
    -0.46329603511986306,
    0.8862035792312141,
  ],
  Array [
    -0.4817536741017166,
    0.8763066800438629,
  ],
  Array [
    -0.5000000000000013,
    0.8660254037844379,
  ],
  Array [
    -0.5180270093731315,
    0.8553642601605058,
  ],
  Array [
    -0.535826794978998,
    0.8443279255020142,
  ],
  Array [
    -0.5533915492433454,
    0.8329212407100985,
  ],
  Array [
    -0.570713567684433,
    0.821149209133703,
  ],
  Array [
    -0.5877852522924745,
    0.8090169943749465,
  ],
  Array [
    -0.6045991148623763,
    0.7965299180241953,
  ],
  Array [
    -0.6211477802783117,
    0.7836934573258387,
  ],
  Array [
    -0.6374239897486911,
    0.7705132427757881,
  ],
  Array [
    -0.6534206039901068,
    0.7569950556517553,
  ],
  Array [
    -0.6691306063588596,
    0.743144825477393,
  ],
  Array [
    -0.6845471059286901,
    0.7289686274214102,
  ],
  Array [
    -0.6996633405133668,
    0.714472679632802,
  ],
  Array [
    -0.7144726796328047,
    0.6996633405133641,
  ],
  Array [
    -0.7289686274214129,
    0.6845471059286873,
  ],
  Array [
    -0.7431448254773956,
    0.6691306063588567,
  ],
  Array [
    -0.7569950556517577,
    0.6534206039901039,
  ],
  Array [
    -0.7705132427757906,
    0.6374239897486882,
  ],
  Array [
    -0.7836934573258411,
    0.6211477802783087,
  ],
  Array [
    -0.7965299180241976,
    0.6045991148623732,
  ],
  Array [
    -0.8090169943749487,
    0.5877852522924714,
  ],
  Array [
    -0.8211492091337053,
    0.5707135676844299,
  ],
  Array [
    -0.8329212407101007,
    0.5533915492433422,
  ],
  Array [
    -0.8443279255020163,
    0.5358267949789948,
  ],
  Array [
    -0.8553642601605078,
    0.5180270093731283,
  ],
  Array [
    -0.8660254037844398,
    0.49999999999999806,
  ],
  Array [
    -0.8763066800438647,
    0.48175367410171327,
  ],
  Array [
    -0.8862035792312158,
    0.4632960351198597,
  ],
  Array [
    -0.8957117602394139,
    0.4446351791849254,
  ],
  Array [
    -0.9048270524660206,
    0.4257792915650705,
  ],
  Array [
    -0.9135454576426019,
    0.406736643075798,
  ],
  Array [
    -0.9218631515885015,
    0.3875155864521007,
  ],
  Array [
    -0.9297764858882523,
    0.36812455268467564,
  ],
  Array [
    -0.9372819894918923,
    0.34857204732181285,
  ],
  Array [
    -0.9443763702374819,
    0.32886664673858085,
  ],
  Array [
    -0.9510565162951543,
    0.309016994374945,
  ],
  Array [
    -0.957319497532068,
    0.2890317969444691,
  ],
  Array [
    -0.9631625667976589,
    0.2689198206152632,
  ],
  Array [
    -0.9685831611286317,
    0.24868988716485224,
  ],
  Array [
    -0.9735789028731608,
    0.22835087011065314,
  ],
  Array [
    -0.9781476007338062,
    0.2079116908177567,
  ],
  Array [
    -0.9822872507286892,
    0.18738131458572196,
  ],
  Array [
    -0.9859960370705054,
    0.16676874671609956,
  ],
  Array [
    -0.9892723329629888,
    0.14608302856240887,
  ],
  Array [
    -0.9921147013144782,
    0.12533323356430146,
  ],
  Array [
    -0.9945218953682736,
    0.10452846326765064,
  ],
  Array [
    -0.9964928592495046,
    0.08367784333231262,
  ],
  Array [
    -0.9980267284282718,
    0.06279051952931049,
  ],
  Array [
    -0.9991228300988585,
    0.0418756537291967,
  ],
  Array [
    -0.9997806834748455,
    0.020942419883354,
  ],
  Array [
    -1,
    -2.986159789035703e-15,
  ],
  Array [
    -0.9997806834748454,
    -0.020942419883359972,
  ],
  Array [
    -0.9991228300988583,
    -0.04187565372920267,
  ],
  Array [
    -0.9980267284282713,
    -0.06279051952931644,
  ],
  Array [
    -0.996492859249504,
    -0.08367784333231858,
  ],
  Array [
    -0.994521895368273,
    -0.10452846326765658,
  ],
  Array [
    -0.9921147013144774,
    -0.12533323356430737,
  ],
  Array [
    -0.9892723329629879,
    -0.14608302856241476,
  ],
  Array [
    -0.9859960370705044,
    -0.16676874671610545,
  ],
  Array [
    -0.982287250728688,
    -0.18738131458572782,
  ],
  Array [
    -0.9781476007338049,
    -0.20791169081776253,
  ],
  Array [
    -0.9735789028731595,
    -0.22835087011065897,
  ],
  Array [
    -0.9685831611286303,
    -0.24868988716485801,
  ],
  Array [
    -0.9631625667976572,
    -0.2689198206152689,
  ],
  Array [
    -0.9573194975320662,
    -0.28903179694447484,
  ],
  Array [
    -0.9510565162951525,
    -0.30901699437495067,
  ],
  Array [
    -0.9443763702374799,
    -0.3288666467385865,
  ],
  Array [
    -0.9372819894918903,
    -0.34857204732181846,
  ],
  Array [
    -0.9297764858882501,
    -0.3681245526846812,
  ],
  Array [
    -0.9218631515884992,
    -0.3875155864521062,
  ],
  Array [
    -0.9135454576425994,
    -0.4067366430758035,
  ],
  Array [
    -0.904827052466018,
    -0.4257792915650759,
  ],
  Array [
    -0.8957117602394112,
    -0.44463517918493073,
  ],
  Array [
    -0.8862035792312131,
    -0.46329603511986495,
  ],
  Array [
    -0.8763066800438618,
    -0.4817536741017185,
  ],
  Array [
    -0.8660254037844368,
    -0.5000000000000032,
  ],
  Array [
    -0.8553642601605047,
    -0.5180270093731334,
  ],
  Array [
    -0.8443279255020131,
    -0.5358267949789998,
  ],
  Array [
    -0.8329212407100974,
    -0.5533915492433472,
  ],
  Array [
    -0.8211492091337018,
    -0.5707135676844348,
  ],
  Array [
    -0.8090169943749451,
    -0.5877852522924762,
  ],
  Array [
    -0.7965299180241939,
    -0.6045991148623779,
  ],
  Array [
    -0.7836934573258374,
    -0.6211477802783134,
  ],
  Array [
    -0.7705132427757867,
    -0.6374239897486927,
  ],
  Array [
    -0.7569950556517538,
    -0.6534206039901085,
  ],
  Array [
    -0.7431448254773916,
    -0.6691306063588611,
  ],
  Array [
    -0.7289686274214088,
    -0.6845471059286916,
  ],
  Array [
    -0.7144726796328006,
    -0.6996633405133683,
  ],
  Array [
    -0.6996633405133625,
    -0.7144726796328063,
  ],
  Array [
    -0.6845471059286856,
    -0.7289686274214143,
  ],
  Array [
    -0.6691306063588551,
    -0.743144825477397,
  ],
  Array [
    -0.6534206039901023,
    -0.7569950556517592,
  ],
  Array [
    -0.6374239897486869,
    -0.7705132427757916,
  ],
  Array [
    -0.6211477802783077,
    -0.7836934573258418,
  ],
  Array [
    -0.6045991148623725,
    -0.796529918024198,
  ],
  Array [
    -0.5877852522924711,
    -0.8090169943749489,
  ],
  Array [
    -0.5707135676844299,
    -0.8211492091337053,
  ],
  Array [
    -0.5533915492433427,
    -0.8329212407101004,
  ],
  Array [
    -0.5358267949789955,
    -0.8443279255020157,
  ],
  Array [
    -0.5180270093731295,
    -0.855364260160507,
  ],
  Array [
    -0.4999999999999996,
    -0.8660254037844388,
  ],
  Array [
    -0.48175367410171527,
    -0.8763066800438636,
  ],
  Array [
    -0.4632960351198621,
    -0.8862035792312145,
  ],
  Array [
    -0.44463517918492823,
    -0.8957117602394125,
  ],
  Array [
    -0.42577929156507377,
    -0.904827052466019,
  ],
  Array [
    -0.4067366430758017,
    -0.9135454576426002,
  ],
  Array [
    -0.3875155864521049,
    -0.9218631515884997,
  ],
  Array [
    -0.36812455268468025,
    -0.9297764858882505,
  ],
  Array [
    -0.3485720473218179,
    -0.9372819894918905,
  ],
  Array [
    -0.32886664673858634,
    -0.94437637023748,
  ],
  Array [
    -0.30901699437495095,
    -0.9510565162951524,
  ],
  Array [
    -0.28903179694447556,
    -0.957319497532066,
  ],
  Array [
    -0.2689198206152701,
    -0.9631625667976569,
  ],
  Array [
    -0.2486898871648596,
    -0.9685831611286299,
  ],
  Array [
    -0.228350870110661,
    -0.9735789028731591,
  ],
  Array [
    -0.207911690817765,
    -0.9781476007338045,
  ],
  Array [
    -0.18738131458573073,
    -0.9822872507286875,
  ],
  Array [
    -0.1667687467161088,
    -0.9859960370705039,
  ],
  Array [
    -0.1460830285624186,
    -0.9892723329629873,
  ],
  Array [
    -0.12533323356431164,
    -0.9921147013144769,
  ],
  Array [
    -0.10452846326766131,
    -0.9945218953682725,
  ],
  Array [
    -0.08367784333232375,
    -0.9964928592495036,
  ],
  Array [
    -0.06279051952932206,
    -0.998026728428271,
  ],
  Array [
    -0.04187565372920875,
    -0.9991228300988579,
  ],
  Array [
    -0.020942419883366495,
    -0.9997806834748453,
  ],
  Array [
    -9.95365963657348e-15,
    -1,
  ],
  Array [
    0.020942419883346594,
    -0.9997806834748457,
  ],
  Array [
    0.041875653729188854,
    -0.9991228300988588,
  ],
  Array [
    0.0627905195293022,
    -0.9980267284282722,
  ],
  Array [
    0.08367784333230392,
    -0.9964928592495053,
  ],
  Array [
    0.10452846326764151,
    -0.9945218953682746,
  ],
  Array [
    0.1253332335642919,
    -0.9921147013144794,
  ],
  Array [
    0.14608302856239888,
    -0.9892723329629902,
  ],
  Array [
    0.16676874671608918,
    -0.9859960370705071,
  ],
  Array [
    0.1873813145857112,
    -0.9822872507286913,
  ],
  Array [
    0.20791169081774555,
    -0.9781476007338086,
  ],
  Array [
    0.2283508701106416,
    -0.9735789028731636,
  ],
  Array [
    0.2486898871648403,
    -0.9685831611286349,
  ],
  Array [
    0.26891982061525094,
    -0.9631625667976623,
  ],
  Array [
    0.2890317969444565,
    -0.9573194975320718,
  ],
  Array [
    0.309016994374932,
    -0.9510565162951585,
  ],
  Array [
    0.3288666467385676,
    -0.9443763702374866,
  ],
  Array [
    0.34857204732179925,
    -0.9372819894918974,
  ],
  Array [
    0.36812455268466177,
    -0.9297764858882578,
  ],
  Array [
    0.3875155864520865,
    -0.9218631515885074,
  ],
  Array [
    0.4067366430757835,
    -0.9135454576426083,
  ],
  Array [
    0.42577929156505573,
    -0.9048270524660275,
  ],
  Array [
    0.4446351791849104,
    -0.8957117602394213,
  ],
  Array [
    0.46329603511984446,
    -0.8862035792312237,
  ],
  Array [
    0.48175367410169784,
    -0.8763066800438732,
  ],
  Array [
    0.4999999999999824,
    -0.8660254037844488,
  ],
  Array [
    0.5180270093731124,
    -0.8553642601605174,
  ],
  Array [
    0.5358267949789788,
    -0.8443279255020264,
  ],
  Array [
    0.5533915492433261,
    -0.8329212407101114,
  ],
  Array [
    0.5707135676844136,
    -0.8211492091337166,
  ],
  Array [
    0.587785252292455,
    -0.8090169943749606,
  ],
  Array [
    0.6045991148623566,
    -0.79652991802421,
  ],
  Array [
    0.6211477802782921,
    -0.7836934573258543,
  ],
  Array [
    0.6374239897486715,
    -0.7705132427758044,
  ],
  Array [
    0.6534206039900872,
    -0.7569950556517722,
  ],
  Array [
    0.66913060635884,
    -0.7431448254774107,
  ],
  Array [
    0.6845471059286705,
    -0.7289686274214285,
  ],
  Array [
    0.6996633405133473,
    -0.7144726796328211,
  ],
  Array [
    0.7144726796327854,
    -0.6996633405133839,
  ],
  Array [
    0.7289686274213936,
    -0.6845471059287077,
  ],
  Array [
    0.7431448254773765,
    -0.669130606358878,
  ],
  Array [
    0.7569950556517389,
    -0.6534206039901259,
  ],
  Array [
    0.7705132427757717,
    -0.6374239897487108,
  ],
  Array [
    0.7836934573258225,
    -0.6211477802783322,
  ],
  Array [
    0.7965299180241792,
    -0.6045991148623974,
  ],
  Array [
    0.8090169943749306,
    -0.5877852522924963,
  ],
  Array [
    0.8211492091336875,
    -0.5707135676844556,
  ],
  Array [
    0.8329212407100832,
    -0.5533915492433686,
  ],
  Array [
    0.8443279255019991,
    -0.5358267949790219,
  ],
  Array [
    0.8553642601604909,
    -0.5180270093731562,
  ],
  Array [
    0.8660254037844233,
    -0.5000000000000266,
  ],
  Array [
    0.8763066800438486,
    -0.4817536741017426,
  ],
  Array [
    0.8862035792312001,
    -0.4632960351198897,
  ],
  Array [
    0.8957117602393987,
    -0.4446351791849561,
  ],
  Array [
    0.9048270524660057,
    -0.42577929156510197,
  ],
  Array [
    0.9135454576425875,
    -0.4067366430758302,
  ],
  Array [
    0.9218631515884876,
    -0.3875155864521336,
  ],
  Array [
    0.929776485888239,
    -0.3681245526847092,
  ],
  Array [
    0.9372819894918797,
    -0.3485720473218471,
  ],
  Array [
    0.9443763702374697,
    -0.32886664673861576,
  ],
  Array [
    0.9510565162951428,
    -0.3090169943749806,
  ],
  Array [
    0.957319497532057,
    -0.28903179694450537,
  ],
  Array [
    0.9631625667976486,
    -0.26891982061530006,
  ],
  Array [
    0.9685831611286222,
    -0.24868988716488977,
  ],
  Array [
    0.973578902873152,
    -0.2283508701106913,
  ],
  Array [
    0.9781476007337979,
    -0.20791169081779548,
  ],
  Array [
    0.9822872507286817,
    -0.18738131458576132,
  ],
  Array [
    0.9859960370704987,
    -0.16676874671613953,
  ],
  Array [
    0.9892723329629828,
    -0.1460830285624494,
  ],
  Array [
    0.992114701314473,
    -0.12533323356434256,
  ],
  Array [
    0.9945218953682693,
    -0.10452846326769229,
  ],
  Array [
    0.996492859249501,
    -0.0836778433323548,
  ],
  Array [
    0.998026728428269,
    -0.06279051952935315,
  ],
  Array [
    0.9991228300988567,
    -0.04187565372923986,
  ],
  Array [
    0.9997806834748446,
    -0.020942419883397637,
  ],
]
`;

exports[`stops 2`] = `
Array [
  Array [
    1,
    0,
  ],
  Array [
    0.9997806834748455,
    0.020942419883356957,
  ],
  Array [
    0.9991228300988584,
    0.04187565372919962,
  ],
  Array [
    0.9980267284282716,
    0.06279051952931336,
  ],
  Array [
    0.9964928592495044,
    0.08367784333231548,
  ],
  Array [
    0.9945218953682733,
    0.10452846326765346,
  ],
  Array [
    0.9921147013144779,
    0.12533323356430423,
  ],
  Array [
    0.9892723329629883,
    0.1460830285624116,
  ],
  Array [
    0.985996037070505,
    0.16676874671610226,
  ],
  Array [
    0.9822872507286887,
    0.1873813145857246,
  ],
  Array [
    0.9781476007338057,
    0.20791169081775931,
  ],
  Array [
    0.9735789028731603,
    0.22835087011065572,
  ],
  Array [
    0.9685831611286311,
    0.24868988716485474,
  ],
  Array [
    0.9631625667976582,
    0.26891982061526565,
  ],
  Array [
    0.9573194975320672,
    0.2890317969444715,
  ],
  Array [
    0.9510565162951536,
    0.3090169943749473,
  ],
  Array [
    0.9443763702374811,
    0.3288666467385831,
  ],
  Array [
    0.9372819894918916,
    0.34857204732181507,
  ],
  Array [
    0.9297764858882515,
    0.36812455268467775,
  ],
  Array [
    0.9218631515885006,
    0.38751558645210277,
  ],
  Array [
    0.913545457642601,
    0.4067366430758,
  ],
  Array [
    0.9048270524660197,
    0.4257792915650724,
  ],
  Array [
    0.895711760239413,
    0.44463517918492723,
  ],
  Array [
    0.8862035792312148,
    0.46329603511986145,
  ],
  Array [
    0.8763066800438637,
    0.481753674101715,
  ],
  Array [
    0.8660254037844388,
    0.4999999999999998,
  ],
  Array [
    0.8553642601605067,
    0.51802700937313,
  ],
  Array [
    0.8443279255020152,
    0.5358267949789964,
  ],
  Array [
    0.8329212407100995,
    0.5533915492433439,
  ],
  Array [
    0.8211492091337041,
    0.5707135676844316,
  ],
  Array [
    0.8090169943749475,
    0.587785252292473,
  ],
  Array [
    0.7965299180241964,
    0.6045991148623748,
  ],
  Array [
    0.7836934573258398,
    0.6211477802783103,
  ],
  Array [
    0.7705132427757893,
    0.6374239897486896,
  ],
  Array [
    0.7569950556517564,
    0.6534206039901054,
  ],
  Array [
    0.7431448254773942,
    0.6691306063588582,
  ],
  Array [
    0.7289686274214116,
    0.6845471059286887,
  ],
  Array [
    0.7144726796328034,
    0.6996633405133654,
  ],
  Array [
    0.6996633405133653,
    0.7144726796328035,
  ],
  Array [
    0.6845471059286886,
    0.7289686274214116,
  ],
  Array [
    0.6691306063588581,
    0.7431448254773944,
  ],
  Array [
    0.6534206039901053,
    0.7569950556517565,
  ],
  Array [
    0.6374239897486895,
    0.7705132427757894,
  ],
  Array [
    0.6211477802783102,
    0.78369345732584,
  ],
  Array [
    0.6045991148623746,
    0.7965299180241965,
  ],
  Array [
    0.5877852522924729,
    0.8090169943749476,
  ],
  Array [
    0.5707135676844314,
    0.8211492091337043,
  ],
  Array [
    0.5533915492433438,
    0.8329212407100997,
  ],
  Array [
    0.5358267949789964,
    0.8443279255020152,
  ],
  Array [
    0.51802700937313,
    0.8553642601605068,
  ],
  Array [
    0.4999999999999997,
    0.8660254037844388,
  ],
  Array [
    0.481753674101715,
    0.8763066800438638,
  ],
  Array [
    0.4632960351198614,
    0.8862035792312148,
  ],
  Array [
    0.4446351791849271,
    0.895711760239413,
  ],
  Array [
    0.42577929156507227,
    0.9048270524660197,
  ],
  Array [
    0.40673664307579976,
    0.9135454576426011,
  ],
  Array [
    0.3875155864521025,
    0.9218631515885007,
  ],
  Array [
    0.3681245526846775,
    0.9297764858882516,
  ],
  Array [
    0.3485720473218147,
    0.9372819894918917,
  ],
  Array [
    0.3288666467385827,
    0.9443763702374812,
  ],
  Array [
    0.30901699437494684,
    0.9510565162951538,
  ],
  Array [
    0.28903179694447095,
    0.9573194975320675,
  ],
  Array [
    0.26891982061526504,
    0.9631625667976583,
  ],
  Array [
    0.2486898871648541,
    0.9685831611286313,
  ],
  Array [
    0.22835087011065502,
    0.9735789028731604,
  ],
  Array [
    0.2079116908177586,
    0.9781476007338058,
  ],
  Array [
    0.18738131458572385,
    0.9822872507286888,
  ],
  Array [
    0.16676874671610145,
    0.9859960370705051,
  ],
  Array [
    0.1460830285624108,
    0.9892723329629884,
  ],
  Array [
    0.12533323356430337,
    0.992114701314478,
  ],
  Array [
    0.10452846326765257,
    0.9945218953682734,
  ],
  Array [
    0.08367784333231457,
    0.9964928592495044,
  ],
  Array [
    0.06279051952931242,
    0.9980267284282717,
  ],
  Array [
    0.04187565372919864,
    0.9991228300988584,
  ],
  Array [
    0.02094241988335594,
    0.9997806834748455,
  ],
  Array [
    -1.048990684667789e-15,
    1,
  ],
  Array [
    -0.020942419883358036,
    0.9997806834748455,
  ],
  Array [
    -0.04187565372920073,
    0.9991228300988583,
  ],
  Array [
    -0.06279051952931451,
    0.9980267284282714,
  ],
  Array [
    -0.08367784333231665,
    0.9964928592495043,
  ],
  Array [
    -0.10452846326765466,
    0.9945218953682732,
  ],
  Array [
    -0.12533323356430545,
    0.9921147013144777,
  ],
  Array [
    -0.14608302856241284,
    0.9892723329629881,
  ],
  Array [
    -0.16676874671610353,
    0.9859960370705048,
  ],
  Array [
    -0.1873813145857259,
    0.9822872507286884,
  ],
  Array [
    -0.20791169081776065,
    0.9781476007338054,
  ],
  Array [
    -0.22835087011065708,
    0.97357890287316,
  ],
  Array [
    -0.24868988716485613,
    0.9685831611286307,
  ],
  Array [
    -0.2689198206152671,
    0.9631625667976578,
  ],
  Array [
    -0.289031796944473,
    0.9573194975320668,
  ],
  Array [
    -0.30901699437494884,
    0.9510565162951531,
  ],
  Array [
    -0.3288666467385847,
    0.9443763702374806,
  ],
  Array [
    -0.3485720473218167,
    0.937281989491891,
  ],
  Array [
    -0.3681245526846794,
    0.9297764858882508,
  ],
  Array [
    -0.38751558645210443,
    0.9218631515884999,
  ],
  Array [
    -0.4067366430758017,
    0.9135454576426002,
  ],
  Array [
    -0.42577929156507394,
    0.9048270524660189,
  ],
  Array [
    -0.4446351791849288,
    0.8957117602394122,
  ],
  Array [
    -0.46329603511986306,
    0.8862035792312141,
  ],
  Array [
    -0.4817536741017166,
    0.8763066800438629,
  ],
  Array [
    -0.5000000000000013,
    0.8660254037844379,
  ],
  Array [
    -0.5180270093731315,
    0.8553642601605058,
  ],
  Array [
    -0.535826794978998,
    0.8443279255020142,
  ],
  Array [
    -0.5533915492433454,
    0.8329212407100985,
  ],
  Array [
    -0.570713567684433,
    0.821149209133703,
  ],
  Array [
    -0.5877852522924745,
    0.8090169943749465,
  ],
  Array [
    -0.6045991148623763,
    0.7965299180241953,
  ],
  Array [
    -0.6211477802783117,
    0.7836934573258387,
  ],
  Array [
    -0.6374239897486911,
    0.7705132427757881,
  ],
  Array [
    -0.6534206039901068,
    0.7569950556517553,
  ],
  Array [
    -0.6691306063588596,
    0.743144825477393,
  ],
  Array [
    -0.6845471059286901,
    0.7289686274214102,
  ],
  Array [
    -0.6996633405133668,
    0.714472679632802,
  ],
  Array [
    -0.7144726796328047,
    0.6996633405133641,
  ],
  Array [
    -0.7289686274214129,
    0.6845471059286873,
  ],
  Array [
    -0.7431448254773956,
    0.6691306063588567,
  ],
  Array [
    -0.7569950556517577,
    0.6534206039901039,
  ],
  Array [
    -0.7705132427757906,
    0.6374239897486882,
  ],
  Array [
    -0.7836934573258411,
    0.6211477802783087,
  ],
  Array [
    -0.7965299180241976,
    0.6045991148623732,
  ],
  Array [
    -0.8090169943749487,
    0.5877852522924714,
  ],
  Array [
    -0.8211492091337053,
    0.5707135676844299,
  ],
  Array [
    -0.8329212407101007,
    0.5533915492433422,
  ],
  Array [
    -0.8443279255020163,
    0.5358267949789948,
  ],
  Array [
    -0.8553642601605078,
    0.5180270093731283,
  ],
  Array [
    -0.8660254037844398,
    0.49999999999999806,
  ],
  Array [
    -0.8763066800438647,
    0.48175367410171327,
  ],
  Array [
    -0.8862035792312158,
    0.4632960351198597,
  ],
  Array [
    -0.8957117602394139,
    0.4446351791849254,
  ],
  Array [
    -0.9048270524660206,
    0.4257792915650705,
  ],
  Array [
    -0.9135454576426019,
    0.406736643075798,
  ],
  Array [
    -0.9218631515885015,
    0.3875155864521007,
  ],
  Array [
    -0.9297764858882523,
    0.36812455268467564,
  ],
  Array [
    -0.9372819894918923,
    0.34857204732181285,
  ],
  Array [
    -0.9443763702374819,
    0.32886664673858085,
  ],
  Array [
    -0.9510565162951543,
    0.309016994374945,
  ],
  Array [
    -0.957319497532068,
    0.2890317969444691,
  ],
  Array [
    -0.9631625667976589,
    0.2689198206152632,
  ],
  Array [
    -0.9685831611286317,
    0.24868988716485224,
  ],
  Array [
    -0.9735789028731608,
    0.22835087011065314,
  ],
  Array [
    -0.9781476007338062,
    0.2079116908177567,
  ],
  Array [
    -0.9822872507286892,
    0.18738131458572196,
  ],
  Array [
    -0.9859960370705054,
    0.16676874671609956,
  ],
  Array [
    -0.9892723329629888,
    0.14608302856240887,
  ],
  Array [
    -0.9921147013144782,
    0.12533323356430146,
  ],
  Array [
    -0.9945218953682736,
    0.10452846326765064,
  ],
  Array [
    -0.9964928592495046,
    0.08367784333231262,
  ],
  Array [
    -0.9980267284282718,
    0.06279051952931049,
  ],
  Array [
    -0.9991228300988585,
    0.0418756537291967,
  ],
  Array [
    -0.9997806834748455,
    0.020942419883354,
  ],
  Array [
    -1,
    -2.986159789035703e-15,
  ],
  Array [
    -0.9997806834748454,
    -0.020942419883359972,
  ],
  Array [
    -0.9991228300988583,
    -0.04187565372920267,
  ],
  Array [
    -0.9980267284282713,
    -0.06279051952931644,
  ],
  Array [
    -0.996492859249504,
    -0.08367784333231858,
  ],
  Array [
    -0.994521895368273,
    -0.10452846326765658,
  ],
  Array [
    -0.9921147013144774,
    -0.12533323356430737,
  ],
  Array [
    -0.9892723329629879,
    -0.14608302856241476,
  ],
  Array [
    -0.9859960370705044,
    -0.16676874671610545,
  ],
  Array [
    -0.982287250728688,
    -0.18738131458572782,
  ],
  Array [
    -0.9781476007338049,
    -0.20791169081776253,
  ],
  Array [
    -0.9735789028731595,
    -0.22835087011065897,
  ],
  Array [
    -0.9685831611286303,
    -0.24868988716485801,
  ],
  Array [
    -0.9631625667976572,
    -0.2689198206152689,
  ],
  Array [
    -0.9573194975320662,
    -0.28903179694447484,
  ],
  Array [
    -0.9510565162951525,
    -0.30901699437495067,
  ],
  Array [
    -0.9443763702374799,
    -0.3288666467385865,
  ],
  Array [
    -0.9372819894918903,
    -0.34857204732181846,
  ],
  Array [
    -0.9297764858882501,
    -0.3681245526846812,
  ],
  Array [
    -0.9218631515884992,
    -0.3875155864521062,
  ],
  Array [
    -0.9135454576425994,
    -0.4067366430758035,
  ],
  Array [
    -0.904827052466018,
    -0.4257792915650759,
  ],
  Array [
    -0.8957117602394112,
    -0.44463517918493073,
  ],
  Array [
    -0.8862035792312131,
    -0.46329603511986495,
  ],
  Array [
    -0.8763066800438618,
    -0.4817536741017185,
  ],
  Array [
    -0.8660254037844368,
    -0.5000000000000032,
  ],
  Array [
    -0.8553642601605047,
    -0.5180270093731334,
  ],
  Array [
    -0.8443279255020131,
    -0.5358267949789998,
  ],
  Array [
    -0.8329212407100974,
    -0.5533915492433472,
  ],
  Array [
    -0.8211492091337018,
    -0.5707135676844348,
  ],
  Array [
    -0.8090169943749451,
    -0.5877852522924762,
  ],
  Array [
    -0.7965299180241939,
    -0.6045991148623779,
  ],
  Array [
    -0.7836934573258374,
    -0.6211477802783134,
  ],
  Array [
    -0.7705132427757867,
    -0.6374239897486927,
  ],
  Array [
    -0.7569950556517538,
    -0.6534206039901085,
  ],
  Array [
    -0.7431448254773916,
    -0.6691306063588611,
  ],
  Array [
    -0.7289686274214088,
    -0.6845471059286916,
  ],
  Array [
    -0.7144726796328006,
    -0.6996633405133683,
  ],
  Array [
    -0.6996633405133625,
    -0.7144726796328063,
  ],
  Array [
    -0.6845471059286856,
    -0.7289686274214143,
  ],
  Array [
    -0.6691306063588551,
    -0.743144825477397,
  ],
  Array [
    -0.6534206039901023,
    -0.7569950556517592,
  ],
  Array [
    -0.6374239897486869,
    -0.7705132427757916,
  ],
  Array [
    -0.6211477802783077,
    -0.7836934573258418,
  ],
  Array [
    -0.6045991148623725,
    -0.796529918024198,
  ],
  Array [
    -0.5877852522924711,
    -0.8090169943749489,
  ],
  Array [
    -0.5707135676844299,
    -0.8211492091337053,
  ],
  Array [
    -0.5533915492433427,
    -0.8329212407101004,
  ],
  Array [
    -0.5358267949789955,
    -0.8443279255020157,
  ],
  Array [
    -0.5180270093731295,
    -0.855364260160507,
  ],
  Array [
    -0.4999999999999996,
    -0.8660254037844388,
  ],
  Array [
    -0.48175367410171527,
    -0.8763066800438636,
  ],
  Array [
    -0.4632960351198621,
    -0.8862035792312145,
  ],
  Array [
    -0.44463517918492823,
    -0.8957117602394125,
  ],
  Array [
    -0.42577929156507377,
    -0.904827052466019,
  ],
  Array [
    -0.4067366430758017,
    -0.9135454576426002,
  ],
  Array [
    -0.3875155864521049,
    -0.9218631515884997,
  ],
  Array [
    -0.36812455268468025,
    -0.9297764858882505,
  ],
  Array [
    -0.3485720473218179,
    -0.9372819894918905,
  ],
  Array [
    -0.32886664673858634,
    -0.94437637023748,
  ],
  Array [
    -0.30901699437495095,
    -0.9510565162951524,
  ],
  Array [
    -0.28903179694447556,
    -0.957319497532066,
  ],
  Array [
    -0.2689198206152701,
    -0.9631625667976569,
  ],
  Array [
    -0.2486898871648596,
    -0.9685831611286299,
  ],
  Array [
    -0.228350870110661,
    -0.9735789028731591,
  ],
  Array [
    -0.207911690817765,
    -0.9781476007338045,
  ],
  Array [
    -0.18738131458573073,
    -0.9822872507286875,
  ],
  Array [
    -0.1667687467161088,
    -0.9859960370705039,
  ],
  Array [
    -0.1460830285624186,
    -0.9892723329629873,
  ],
  Array [
    -0.12533323356431164,
    -0.9921147013144769,
  ],
  Array [
    -0.10452846326766131,
    -0.9945218953682725,
  ],
  Array [
    -0.08367784333232375,
    -0.9964928592495036,
  ],
  Array [
    -0.06279051952932206,
    -0.998026728428271,
  ],
  Array [
    -0.04187565372920875,
    -0.9991228300988579,
  ],
  Array [
    -0.020942419883366495,
    -0.9997806834748453,
  ],
  Array [
    -9.95365963657348e-15,
    -1,
  ],
  Array [
    0.020942419883346594,
    -0.9997806834748457,
  ],
  Array [
    0.041875653729188854,
    -0.9991228300988588,
  ],
  Array [
    0.0627905195293022,
    -0.9980267284282722,
  ],
  Array [
    0.08367784333230392,
    -0.9964928592495053,
  ],
  Array [
    0.10452846326764151,
    -0.9945218953682746,
  ],
  Array [
    0.1253332335642919,
    -0.9921147013144794,
  ],
  Array [
    0.14608302856239888,
    -0.9892723329629902,
  ],
  Array [
    0.16676874671608918,
    -0.9859960370705071,
  ],
  Array [
    0.1873813145857112,
    -0.9822872507286913,
  ],
  Array [
    0.20791169081774555,
    -0.9781476007338086,
  ],
  Array [
    0.2283508701106416,
    -0.9735789028731636,
  ],
  Array [
    0.2486898871648403,
    -0.9685831611286349,
  ],
  Array [
    0.26891982061525094,
    -0.9631625667976623,
  ],
  Array [
    0.2890317969444565,
    -0.9573194975320718,
  ],
  Array [
    0.309016994374932,
    -0.9510565162951585,
  ],
  Array [
    0.3288666467385676,
    -0.9443763702374866,
  ],
  Array [
    0.34857204732179925,
    -0.9372819894918974,
  ],
  Array [
    0.36812455268466177,
    -0.9297764858882578,
  ],
  Array [
    0.3875155864520865,
    -0.9218631515885074,
  ],
  Array [
    0.4067366430757835,
    -0.9135454576426083,
  ],
  Array [
    0.42577929156505573,
    -0.9048270524660275,
  ],
  Array [
    0.4446351791849104,
    -0.8957117602394213,
  ],
  Array [
    0.46329603511984446,
    -0.8862035792312237,
  ],
  Array [
    0.48175367410169784,
    -0.8763066800438732,
  ],
  Array [
    0.4999999999999824,
    -0.8660254037844488,
  ],
  Array [
    0.5180270093731124,
    -0.8553642601605174,
  ],
  Array [
    0.5358267949789788,
    -0.8443279255020264,
  ],
  Array [
    0.5533915492433261,
    -0.8329212407101114,
  ],
  Array [
    0.5707135676844136,
    -0.8211492091337166,
  ],
  Array [
    0.587785252292455,
    -0.8090169943749606,
  ],
  Array [
    0.6045991148623566,
    -0.79652991802421,
  ],
  Array [
    0.6211477802782921,
    -0.7836934573258543,
  ],
  Array [
    0.6374239897486715,
    -0.7705132427758044,
  ],
  Array [
    0.6534206039900872,
    -0.7569950556517722,
  ],
  Array [
    0.66913060635884,
    -0.7431448254774107,
  ],
  Array [
    0.6845471059286705,
    -0.7289686274214285,
  ],
  Array [
    0.6996633405133473,
    -0.7144726796328211,
  ],
  Array [
    0.7144726796327854,
    -0.6996633405133839,
  ],
  Array [
    0.7289686274213936,
    -0.6845471059287077,
  ],
  Array [
    0.7431448254773765,
    -0.669130606358878,
  ],
  Array [
    0.7569950556517389,
    -0.6534206039901259,
  ],
  Array [
    0.7705132427757717,
    -0.6374239897487108,
  ],
  Array [
    0.7836934573258225,
    -0.6211477802783322,
  ],
  Array [
    0.7965299180241792,
    -0.6045991148623974,
  ],
  Array [
    0.8090169943749306,
    -0.5877852522924963,
  ],
  Array [
    0.8211492091336875,
    -0.5707135676844556,
  ],
  Array [
    0.8329212407100832,
    -0.5533915492433686,
  ],
  Array [
    0.8443279255019991,
    -0.5358267949790219,
  ],
  Array [
    0.8553642601604909,
    -0.5180270093731562,
  ],
  Array [
    0.8660254037844233,
    -0.5000000000000266,
  ],
  Array [
    0.8763066800438486,
    -0.4817536741017426,
  ],
  Array [
    0.8862035792312001,
    -0.4632960351198897,
  ],
  Array [
    0.8957117602393987,
    -0.4446351791849561,
  ],
  Array [
    0.9048270524660057,
    -0.42577929156510197,
  ],
  Array [
    0.9135454576425875,
    -0.4067366430758302,
  ],
  Array [
    0.9218631515884876,
    -0.3875155864521336,
  ],
  Array [
    0.929776485888239,
    -0.3681245526847092,
  ],
  Array [
    0.9372819894918797,
    -0.3485720473218471,
  ],
  Array [
    0.9443763702374697,
    -0.32886664673861576,
  ],
  Array [
    0.9510565162951428,
    -0.3090169943749806,
  ],
  Array [
    0.957319497532057,
    -0.28903179694450537,
  ],
  Array [
    0.9631625667976486,
    -0.26891982061530006,
  ],
  Array [
    0.9685831611286222,
    -0.24868988716488977,
  ],
  Array [
    0.973578902873152,
    -0.2283508701106913,
  ],
  Array [
    0.9781476007337979,
    -0.20791169081779548,
  ],
  Array [
    0.9822872507286817,
    -0.18738131458576132,
  ],
  Array [
    0.9859960370704987,
    -0.16676874671613953,
  ],
  Array [
    0.9892723329629828,
    -0.1460830285624494,
  ],
  Array [
    0.992114701314473,
    -0.12533323356434256,
  ],
  Array [
    0.9945218953682693,
    -0.10452846326769229,
  ],
  Array [
    0.996492859249501,
    -0.0836778433323548,
  ],
  Array [
    0.998026728428269,
    -0.06279051952935315,
  ],
  Array [
    0.9991228300988567,
    -0.04187565372923986,
  ],
  Array [
    0.9997806834748446,
    -0.020942419883397637,
  ],
]
`;
