// Jest Snapshot v1, https://goo.gl/fbAQLP

exports[`line_points + stops(6) 1`] = `
Array [
  Array [
    1,
    0,
  ],
  Array [
    0.4999944999697543,
    0.8660095260523853,
  ],
]
`;

exports[`line_points: (-3, 0) => (0, 3) 1`] = `
Array [
  Array [
    -3,
    0,
  ],
  Array [
    -2,
    0.9999999999999998,
  ],
  Array [
    -1,
    1.9999999999999996,
  ],
  Array [
    0,
    2.999999999999999,
  ],
]
`;

exports[`line_points: (-4, 0) => (0, -4) 1`] = `
Array [
  Array [
    -4,
    0,
  ],
  Array [
    -3,
    -0.9999999999999998,
  ],
  Array [
    -2,
    -1.9999999999999996,
  ],
  Array [
    -1,
    -2.999999999999999,
  ],
  Array [
    0,
    -3.999999999999999,
  ],
]
`;

exports[`line_points: (0, -5) => (5, 0) 1`] = `
Array [
  Array [
    0,
    -5,
  ],
  Array [
    1,
    -4,
  ],
  Array [
    2,
    -3.0000000000000004,
  ],
  Array [
    3,
    -2.000000000000001,
  ],
  Array [
    4,
    -1.0000000000000009,
  ],
  Array [
    5,
    -8.881784197001252e-16,
  ],
]
`;

exports[`line_points: (0, 2) => (2, 0) 1`] = `
Array [
  Array [
    0,
    2,
  ],
  Array [
    1,
    1.0000000000000002,
  ],
  Array [
    2,
    4.440892098500626e-16,
  ],
]
`;

exports[`line_points: (0.5 * 2, 0.866 * 2) => (-0.5 * 2, 0.866 * 2) 1`] = `
Array [
  Array [
    1,
    1.732,
  ],
  Array [
    -0.000022000726026538686,
    1.732,
  ],
  Array [
    -1.000044001452053,
    1.732,
  ],
]
`;

exports[`line_points: (0.5, 0.866) => (-0.5, 0.866) 1`] = `
Array [
  Array [
    0.5,
    0.866,
  ],
  Array [
    -0.5000220007260265,
    0.866,
  ],
]
`;
