// Jest Snapshot v1, https://goo.gl/fbAQLP

exports[`lets try our spring 1`] = `
Array [
  10,
  9.003169998451938,
  8.024106473425203,
  7.077306780263506,
  6.174056479016457,
  5.322807302156707,
  4.5295378914525,
  3.7980938992515383,
  3.130505040044801,
  2.527277532911687,
  1.9876611034641296,
  1.5098903250017768,
  1.0914005828987694,
  0.7290193539955684,
  0.41913381409028555,
  0.15783603136566277,
  -0.05895281879737542,
]
`;

exports[`lets try our spring 2`] = `
Array [
  -160,
  -144.050719975231,
  -128.38570357480324,
  -113.2369084842161,
  -98.78490366426331,
  -85.16491683450731,
  -72.47260626324,
  -60.76950238802461,
  -50.08808064071682,
  -40.43644052658699,
  -31.802577655426074,
  -24.15824520002843,
  -17.46240932638031,
  -11.664309663929094,
  -6.706141025444569,
  -2.5253765018506042,
  0.9432451007580067,
]
`;
