// Jest Snapshot v1, https://goo.gl/fbAQLP

exports[`rgba convolution footprint 1`] = `
Uint8ClampedArray [
  0,
  0,
  0,
  204,
  77,
  77,
  77,
  204,
  0,
  0,
  0,
  204,
  77,
  77,
  77,
  204,
  77,
  77,
  77,
  255,
  0,
  51,
  0,
  255,
  77,
  77,
  77,
  255,
  0,
  0,
  0,
  255,
  0,
  0,
  0,
  204,
  77,
  77,
  77,
  204,
  0,
  0,
  0,
  204,
  77,
  77,
  77,
  204,
  77,
  77,
  77,
  255,
  0,
  0,
  0,
  255,
  77,
  77,
  77,
  255,
  0,
  51,
  0,
  255,
]
`;
