// Jest Snapshot v1, https://goo.gl/fbAQLP

exports[`densify kernel 1 1`] = `
Array [
  Array [
    1,
    1,
    1,
    1,
    0,
    0,
    0,
    0,
    -1,
    -1,
    -1,
    -1,
  ],
  Array [
    0,
    0,
    0,
    0,
    0,
    0,
    0,
    0,
    0,
    0,
    0,
    0,
  ],
  Array [
    -1,
    -1,
    -1,
    -1,
    0,
    0,
    0,
    0,
    1,
    1,
    1,
    1,
  ],
]
`;

exports[`densify sigma 0.54 1`] = `
Array [
  Array [
    0.01752041518399694,
    0.01752041518399694,
    0.09732387878174542,
    0.09732387878174542,
    0.01752041518399694,
    0.01752041518399694,
  ],
  Array [
    0.09732387878174542,
    0.09732387878174542,
    0.5406228837416762,
    0.5406228837416762,
    0.09732387878174542,
    0.09732387878174542,
  ],
  Array [
    0.01752041518399694,
    0.01752041518399694,
    0.09732387878174542,
    0.09732387878174542,
    0.01752041518399694,
    0.01752041518399694,
  ],
]
`;

exports[`kernel2D sigma 0.33 1`] = `
Array [
  Array [
    0.00009875321442009977,
    0.009739958762047252,
    0.00009875321442009977,
  ],
  Array [
    0.009739958762047252,
    0.9606451520941306,
    0.009739958762047252,
  ],
  Array [
    0.00009875321442009977,
    0.009739958762047252,
    0.00009875321442009977,
  ],
]
`;

exports[`kernel2D sigma 0.54 1`] = `
Array [
  Array [
    0.01752041518399694,
    0.09732387878174542,
    0.01752041518399694,
  ],
  Array [
    0.09732387878174542,
    0.5406228837416762,
    0.09732387878174542,
  ],
  Array [
    0.01752041518399694,
    0.09732387878174542,
    0.01752041518399694,
  ],
]
`;

exports[`kernel2D sigma 0.66 1`] = `
Array [
  Array [
    0.037683565533427554,
    0.11875542180484899,
    0.037683565533427554,
  ],
  Array [
    0.11875542180484899,
    0.3742440506468938,
    0.11875542180484899,
  ],
  Array [
    0.037683565533427554,
    0.11875542180484899,
    0.037683565533427554,
  ],
]
`;

exports[`kernel2D sigma 0.618 1`] = `
Array [
  Array [
    0.030745624682337658,
    0.11385305911130494,
    0.030745624682337658,
  ],
  Array [
    0.11385305911130494,
    0.42160532443007526,
    0.11385305911130494,
  ],
  Array [
    0.030745624682337658,
    0.11385305911130494,
    0.030745624682337658,
  ],
]
`;
